2026-09-05T20:06:31.295Z broadcast org=cmtoowpae01x4yjcsqjugbg2y type=order_new order=cmtotcs4q00t7yjpw382nzpin subs=0
2026-09-05T20:06:32.078Z broadcast org=cmtoowpae01x4yjcsqjugbg2y type=order_updated order=cmtotcs4q00t7yjpw382nzpin subs=0
2026-09-05T20:06:32.838Z broadcast org=cmtoowpae01x4yjcsqjugbg2y type=order_removed order=cmtotcs4q00t7yjpw382nzpin subs=0
2026-09-05T20:06:34.845Z broadcast org=cmtoowpae01x4yjcsqjugbg2y type=order_new order=cmtotcuvg00tsyjpwjfz1bok4 subs=0
2026-09-05T20:06:35.257Z broadcast org=cmtoowpae01x4yjcsqjugbg2y type=order_updated order=cmtotcuvg00tsyjpwjfz1bok4 subs=0
2026-09-05T20:06:37.252Z broadcast org=cmtoowpae01x4yjcsqjugbg2y type=order_removed order=cmtotcuvg00tsyjpwjfz1bok4 subs=0
2026-09-05T20:06:40.829Z broadcast org=cmtoows4404ixyjcscxecim3v type=order_new order=cmtotczhr00uayjpwmkbut28w subs=0
2026-09-05T20:06:41.558Z broadcast org=cmtoows4404ixyjcscxecim3v type=order_updated order=cmtotczhr00uayjpwmkbut28w subs=0
2026-09-05T20:06:41.962Z broadcast org=cmtoows4404ixyjcscxecim3v type=order_removed order=cmtotczhr00uayjpwmkbut28w subs=0
2026-09-05T20:06:46.045Z open org=cmtoownpn00bwyjcs53bkx1op
2026-09-05T20:06:46.468Z broadcast org=cmtoownpn00bwyjcs53bkx1op type=order_removed order=cmtotd3790001yjzg48k2x7uk subs=2
2026-09-05T20:08:49.546Z broadcast org=cmtoowpae01x4yjcsqjugbg2y type=order_new order=cmtotfqt700vcyjpwwdnfl17o subs=0
2026-09-05T20:08:50.332Z broadcast org=cmtoowpae01x4yjcsqjugbg2y type=order_updated order=cmtotfqt700vcyjpwwdnfl17o subs=0
2026-09-05T20:08:51.092Z broadcast org=cmtoowpae01x4yjcsqjugbg2y type=order_removed order=cmtotfqt700vcyjpwwdnfl17o subs=0
2026-09-05T20:08:53.101Z broadcast org=cmtoowpae01x4yjcsqjugbg2y type=order_new order=cmtotftjx00vxyjpwr8m7ypt5 subs=0
2026-09-05T20:08:53.517Z broadcast org=cmtoowpae01x4yjcsqjugbg2y type=order_updated order=cmtotftjx00vxyjpwr8m7ypt5 subs=0
2026-09-05T20:08:55.481Z broadcast org=cmtoowpae01x4yjcsqjugbg2y type=order_removed order=cmtotftjx00vxyjpwr8m7ypt5 subs=0
2026-09-05T20:08:59.304Z broadcast org=cmtoows4404ixyjcscxecim3v type=order_new order=cmtotfyc800wfyjpw8mk859nh subs=0
2026-09-05T20:09:00.101Z broadcast org=cmtoows4404ixyjcscxecim3v type=order_updated order=cmtotfyc800wfyjpw8mk859nh subs=0
2026-09-05T20:09:00.518Z broadcast org=cmtoows4404ixyjcscxecim3v type=order_removed order=cmtotfyc800wfyjpw8mk859nh subs=0
2026-09-05T20:09:04.555Z open org=cmtoownpn00bwyjcs53bkx1op
2026-09-05T20:09:04.967Z broadcast org=cmtoownpn00bwyjcs53bkx1op type=order_removed order=cmtotg23l0001yj0o9dd73fjw subs=2
